CUDA available: True
PyTorch version: 2.6.0+cu126
Batch Size: 2
DCPAN Channels: 8
Attention Heads: 8
LR: 0.001
Epochs: 5
Accumulation steps: 4
CUDA is available. Using GPU.
Number of available CUDA devices: 1
Device 0: NVIDIA A40
Filtered data saved to: data/train_site_1.tsv
Filtered x_arr saved to: data/train_site_1.npy
Filtered data saved to: data/test_site_1.tsv
Filtered x_arr saved to: data/test_site_1.npy
[38;5;178m[1mActivate TRAINING mode...[0m
[38;5;178m[1mRead TRAIN...[0m
- y size [original]: (3227, 2)
- x size [original]: (3227, 3659572)
[38;5;178m[1mRead TEST...[0m
- y size [original]: (757, 2)
- x size [original]: (757, 3659572)
torch.Size([2, 121, 145, 121]) torch.Size([2])
ONE
TWO
TWO Half
THREE
Total number of parameters in the model: 56981625
FOUR
FIVE
/gpfs/accounts/eecs545w25_class_root/eecs545w25_class/caryshu/brain_age/brain_age_with_site_removal/.venv/lib/python3.11/site-packages/torch/nn/modules/loss.py:610: UserWarning: Using a target size (torch.Size([1])) that is different to the input size (torch.Size([])). This will likely lead to incorrect results due to broadcasting. Please ensure they have the same size.
  return F.mse_loss(input, target, reduction=self.reduction)
Epoch [1/5], Loss: 8.1760
Epoch [2/5], Loss: 1.3550
Epoch [3/5], Loss: 0.0269
Epoch [4/5], Loss: 150.6373
Epoch [5/5], Loss: 0.4462
Predicted Age: [21.48 34.78], Actual Age: [27. 37.]
Predicted Age: [21.31 24.33], Actual Age: [21. 38.]
Predicted Age: [18.78 21.06], Actual Age: [21. 23.]
Predicted Age: [15.96 30.58], Actual Age: [21. 21.]
Predicted Age: [20.48 31.19], Actual Age: [22.5     37.78125]
Predicted Age: [17.7  17.95], Actual Age: [23. 21.]
Predicted Age: [37.5  15.06], Actual Age: [47.34375  11.296875]
Predicted Age: [20.67 57.8 ], Actual Age: [22. 69.]
Predicted Age: [22.86 18.05], Actual Age: [24.      23.59375]
Predicted Age: [28.6  22.45], Actual Age: [27. 25.]
Predicted Age: [18.55 20.7 ], Actual Age: [21. 23.]
Predicted Age: [15.65 23.88], Actual Age: [ 9.234375 21.      ]
Predicted Age: [17.8  14.96], Actual Age: [19. 11.]
Predicted Age: [10.766 21.36 ], Actual Age: [13.  27.5]
Predicted Age: [23.45 22.84], Actual Age: [25.  27.5]
Predicted Age: [18.52 19.25], Actual Age: [21. 21.]
Predicted Age: [22.42  14.695], Actual Age: [27.  9.]
Predicted Age: [17.44 17.92], Actual Age: [19. 14.]
Predicted Age: [14.805 19.62 ], Actual Age: [12.8984375 19.       ]
Predicted Age: [16.1  47.62], Actual Age: [21.    55.125]
Predicted Age: [43.47 20.19], Actual Age: [37.5 19. ]
Predicted Age: [19.72 21.03], Actual Age: [19.  22.5]
Predicted Age: [23.28 18.14], Actual Age: [23. 11.]
Predicted Age: [17.38 25.02], Actual Age: [27.  27.5]
Predicted Age: [18.86 22.73], Actual Age: [21. 33.]
Predicted Age: [ 9.12 20.9 ], Actual Age: [10.3984375 24.       ]
Predicted Age: [24.31 24.97], Actual Age: [18. 23.]
Predicted Age: [21.62 19.45], Actual Age: [30. 19.]
Predicted Age: [22.61 33.28], Actual Age: [21.  42.5]
Predicted Age: [19.2  27.77], Actual Age: [25. 29.]
Predicted Age: [21.9  14.77], Actual Age: [21. 21.]
Predicted Age: [25.34 18.39], Actual Age: [25. 21.]
Predicted Age: [26.08 19.66], Actual Age: [25. 22.]
Predicted Age: [18.67 19.53], Actual Age: [11.953125 21.      ]
Predicted Age: [58.78 19.72], Actual Age: [59.90625 23.     ]
Predicted Age: [23.53 20.31], Actual Age: [22.4375 21.    ]
Predicted Age: [11.44 23.1 ], Actual Age: [10.78125 22.5    ]
Predicted Age: [19.84 21.64], Actual Age: [21. 23.]
Predicted Age: [17.22 12.05], Actual Age: [23.      9.9375]
Predicted Age: [23.16 53.66], Actual Age: [21.      60.03125]
Predicted Age: [22.98 18.2 ], Actual Age: [25. 19.]
Predicted Age: [23.8 16.1], Actual Age: [21. 19.]
Predicted Age: [53.22 13.35], Actual Age: [41.21875    8.7265625]
Predicted Age: [19.14 21.86], Actual Age: [34. 21.]
Predicted Age: [19.27 18.03], Actual Age: [19.        12.8984375]
Predicted Age: [16.19 23.12], Actual Age: [19. 22.]
Predicted Age: [17.42 13.83], Actual Age: [21. 11.]
Predicted Age: [20.88 15.79], Actual Age: [23.       20.078125]
Predicted Age: [18.31 19.78], Actual Age: [ 9.4296875 19.       ]
Predicted Age: [20.8  20.97], Actual Age: [19. 16.]
Predicted Age: [20.33 64.4 ], Actual Age: [21.  57.5]
Predicted Age: [20.22 19.66], Actual Age: [23. 21.]
Predicted Age: [25.3  20.33], Actual Age: [33. 23.]
Predicted Age: [19.53 29.73], Actual Age: [24. 53.]
Predicted Age: [22.77  15.836], Actual Age: [27.        10.3984375]
Predicted Age: [22.28 23.6 ], Actual Age: [23. 24.]
Predicted Age: [20.36 19.81], Actual Age: [23. 11.]
Predicted Age: [22.1  33.44], Actual Age: [21.  42.5]
Predicted Age: [19.72 18.14], Actual Age: [21. 24.]
Predicted Age: [12.34 23.2 ], Actual Age: [15. 23.]
Predicted Age: [25.81 19.42], Actual Age: [25.       14.296875]
Predicted Age: [17.6  15.26], Actual Age: [21.        11.7578125]
Predicted Age: [23.06 49.12], Actual Age: [21.      39.03125]
Predicted Age: [20.8  71.56], Actual Age: [23. 73.]
Predicted Age: [19.84 13.17], Actual Age: [21. 12.]
Predicted Age: [74.8  17.72], Actual Age: [88. 19.]
Predicted Age: [17.44 10.08], Actual Age: [19.       13.546875]
Predicted Age: [18.16 20.03], Actual Age: [19. 21.]
Predicted Age: [18.47 34.  ], Actual Age: [23. 40.]
Predicted Age: [17.1  16.38], Actual Age: [21. 12.]
Predicted Age: [11.66 21.67], Actual Age: [14. 19.]
Predicted Age: [70.8   14.375], Actual Age: [62.0625    8.859375]
Predicted Age: [17.47 15.69], Actual Age: [21.       14.703125]
Predicted Age: [11.23 18.52], Actual Age: [12.203125 19.      ]
Predicted Age: [20.11 37.44], Actual Age: [19. 62.]
Predicted Age: [11.63 18.4 ], Actual Age: [19.25 23.  ]
Predicted Age: [13.016 14.266], Actual Age: [15.5      14.171875]
Predicted Age: [17.73 18.55], Actual Age: [10. 21.]
Predicted Age: [19.47 67.8 ], Actual Age: [23.   59.25]
Predicted Age: [17.17 22.94], Actual Age: [19.15625 21.     ]
Predicted Age: [21.6  14.11], Actual Age: [21.       10.015625]
Predicted Age: [20.9  16.61], Actual Age: [28.828125 19.      ]
Predicted Age: [12.37 20.42], Actual Age: [12.4296875 23.       ]
Predicted Age: [20.78 19.11], Actual Age: [19. 19.]
Predicted Age: [14.28 17.53], Actual Age: [16.59375 23.     ]
Predicted Age: [14.65 36.75], Actual Age: [13. 26.]
Predicted Age: [14.47  7.65], Actual Age: [23.  11.5]
Predicted Age: [10.78 20.12], Actual Age: [12.828125 24.      ]
Predicted Age: [64.25 19.78], Actual Age: [72. 21.]
Predicted Age: [18.27 17.19], Actual Age: [19.5 19. ]
Predicted Age: [13.93 69.5 ], Actual Age: [10.  67.5]
Predicted Age: [15.59 21.88], Actual Age: [18. 24.]
Predicted Age: [34.78  6.99], Actual Age: [27.5   8.25]
Predicted Age: [27.2 16.1], Actual Age: [25.     14.4375]
Predicted Age: [12.8 24.4], Actual Age: [10.3984375 23.       ]
Predicted Age: [10.125 23.98 ], Actual Age: [13.1953125 18.       ]
Predicted Age: [48.   13.18], Actual Age: [44.875     10.2890625]
Predicted Age: [23.58 19.83], Actual Age: [19. 22.]
Predicted Age: [ 9.49 21.1 ], Actual Age: [14. 21.]
Predicted Age: [19.39 34.53], Actual Age: [27.      38.28125]
Predicted Age: [31.12 18.67], Actual Age: [19. 20.]
Predicted Age: [13.95 22.11], Actual Age: [10.1796875 22.5      ]
Predicted Age: [59.5 61.2], Actual Age: [38.59375 69.0625 ]
Predicted Age: [15.15 21.44], Actual Age: [10.15625 24.     ]
Predicted Age: [22.7 16.3], Actual Age: [21.        15.0390625]
Predicted Age: [21.02 22.88], Actual Age: [22.5 21. ]
Predicted Age: [12.2  13.29], Actual Age: [ 9.015625 13.      ]
Predicted Age: [20.72 33.7 ], Actual Age: [19. 63.]
Predicted Age: [19.42 45.6 ], Actual Age: [23.  54.5]
Predicted Age: [20.58 16.36], Actual Age: [19. 22.]
Predicted Age: [16.23 61.8 ], Actual Age: [19.     55.8125]
Predicted Age: [12.875 22.42 ], Actual Age: [ 8.8203125 46.4375   ]
Predicted Age: [24.6  17.52], Actual Age: [22. 19.]
Predicted Age: [20.36 27.78], Actual Age: [25. 35.]
Predicted Age: [62.78   9.805], Actual Age: [55.53125  9.     ]
Predicted Age: [37.7   12.805], Actual Age: [57.5 14. ]
Predicted Age: [47.53 16.88], Actual Age: [26.265625 23.      ]
Predicted Age: [16.55 22.7 ], Actual Age: [21. 23.]
Predicted Age: [18.81 45.47], Actual Age: [19.      46.15625]
Predicted Age: [74.9  18.17], Actual Age: [64.1875 20.    ]
Predicted Age: [41.9  21.81], Actual Age: [39.1875 25.    ]
Predicted Age: [20.5  19.53], Actual Age: [18.      18.15625]
Predicted Age: [13.08 36.6 ], Actual Age: [11.      31.59375]
Predicted Age: [11.64 24.48], Actual Age: [16.  27.5]
Predicted Age: [57.12 23.27], Actual Age: [60. 23.]
Predicted Age: [17.84 15.44], Actual Age: [14.8828125 17.5      ]
Predicted Age: [14.836 20.69 ], Actual Age: [11. 21.]
Predicted Age: [19.9  10.82], Actual Age: [23.         8.7421875]
Predicted Age: [21.23 64.8 ], Actual Age: [31.     69.3125]
Predicted Age: [22.36 16.56], Actual Age: [21. 19.]
Predicted Age: [18.83 19.2 ], Actual Age: [19. 25.]
Predicted Age: [72.6  17.12], Actual Age: [55.21875 19.     ]
Predicted Age: [28.73 10.67], Actual Age: [27.  6.]
Predicted Age: [19.19 14.5 ], Actual Age: [23. 10.]
Predicted Age: [28.   63.84], Actual Age: [42.75 59.75]
Predicted Age: [20.86 20.31], Actual Age: [22. 19.]
Predicted Age: [16.66 11.25], Actual Age: [21.  9.]
Predicted Age: [18.7  21.86], Actual Age: [19. 29.]
Predicted Age: [16.14 19.64], Actual Age: [13.921875 19.      ]
Predicted Age: [80.06 23.75], Actual Age: [68. 30.]
Predicted Age: [17.27  9.89], Actual Age: [16. 10.]
Predicted Age: [15.02 22.34], Actual Age: [10.7265625 19.       ]
Predicted Age: [17.19 20.1 ], Actual Age: [15.6015625 25.       ]
Predicted Age: [12.99 18.58], Actual Age: [ 9.65625 21.     ]
Predicted Age: [24.3  15.73], Actual Age: [19. 19.]
Predicted Age: [17.08 64.8 ], Actual Age: [22. 72.]
Predicted Age: [19.53 23.95], Actual Age: [21. 35.]
Predicted Age: [26.8 68.3], Actual Age: [24. 65.]
Predicted Age: [20.44 17.52], Actual Age: [23. 21.]
Predicted Age: [17.84  15.555], Actual Age: [23. 19.]
Predicted Age: [18.92  13.734], Actual Age: [31.        13.8828125]
Predicted Age: [24.2 25.7], Actual Age: [35. 19.]
Predicted Age: [20.7  16.84], Actual Age: [19.       10.546875]
Predicted Age: [20.4  19.83], Actual Age: [27.5 19. ]
Predicted Age: [22.83  11.914], Actual Age: [32.      17.40625]
Predicted Age: [13.26 19.89], Actual Age: [ 7.046875 19.      ]
Predicted Age: [22.25 20.34], Actual Age: [27.375 19.   ]
Predicted Age: [25.7  21.58], Actual Age: [27.5 27. ]
Predicted Age: [19.42 19.34], Actual Age: [25. 25.]
Predicted Age: [23.02 20.56], Actual Age: [27.5 25. ]
Predicted Age: [24.19 23.44], Actual Age: [25. 19.]
Predicted Age: [23.   23.03], Actual Age: [27. 24.]
Predicted Age: [23.27 23.23], Actual Age: [28.  22.5]
Predicted Age: [15.14 50.9 ], Actual Age: [12.765625 42.96875 ]
Predicted Age: [19.08 20.8 ], Actual Age: [21. 21.]
Predicted Age: [23.25 19.73], Actual Age: [30.125 19.   ]
Predicted Age: [37.38 11.95], Actual Age: [36.90625  10.203125]
Predicted Age: [76.8  63.78], Actual Age: [58.78125 49.40625]
Predicted Age: [16.25 16.27], Actual Age: [19. 20.]
Predicted Age: [24.34 17.34], Actual Age: [32. 19.]
Predicted Age: [21.86 20.8 ], Actual Age: [21. 19.]
Predicted Age: [21.52 20.1 ], Actual Age: [21.  22.5]
Predicted Age: [24.89 21.06], Actual Age: [19. 19.]
Predicted Age: [16.4  18.55], Actual Age: [12. 21.]
Predicted Age: [22.05 14.87], Actual Age: [19. 12.]
Predicted Age: [23.83 19.67], Actual Age: [21. 19.]
Predicted Age: [31.81 23.81], Actual Age: [26.921875 28.      ]
Predicted Age: [55.4  19.53], Actual Age: [41.75 23.  ]
Predicted Age: [21.23 25.56], Actual Age: [24.6875 22.5   ]
Predicted Age: [21.73 61.84], Actual Age: [21.      34.21875]
Predicted Age: [24.  18.9], Actual Age: [21. 12.]

Test Set Performance (all 362 batches):
Test Loss: 36.4334
Mean Absolute Error (MAE): 4.21 years
Mean Squared Error (MSE): 36.43 years²
Root Mean Squared Error (RMSE): 6.04 years
