CUDA available: True
PyTorch version: 2.6.0+cu126
Batch Size: 2
DCPAN Channels: 8
Attention Heads: 8
LR: 0.001
Epochs: 5
Accumulation steps: 4
CUDA is available. Using GPU.
Number of available CUDA devices: 1
Device 0: NVIDIA A40
Filtered data saved to: data/train_site_1.tsv
Filtered x_arr saved to: data/train_site_1.npy
Filtered data saved to: data/test_site_1.tsv
Filtered x_arr saved to: data/test_site_1.npy
[38;5;178m[1mActivate TRAINING mode...[0m
[38;5;178m[1mRead TRAIN...[0m
- y size [original]: (244, 2)
- x size [original]: (244, 3659572)
[38;5;178m[1mRead TEST...[0m
- y size [original]: (33, 2)
- x size [original]: (33, 3659572)
torch.Size([2, 121, 145, 121]) torch.Size([2])
ONE
TWO
TWO Half
THREE
Total number of parameters in the model: 56981625
FOUR
FIVE
Epoch [1/5], Loss: 46.6581
Epoch [2/5], Loss: 19.7395
Epoch [3/5], Loss: 18.9333
Epoch [4/5], Loss: 0.9785
Epoch [5/5], Loss: 0.5845
Predicted Age: [21.8  21.81], Actual Age: [21. 21.]
Predicted Age: [21.81 21.81], Actual Age: [23. 21.]
Predicted Age: [21.81 21.81], Actual Age: [19. 27.]
Predicted Age: [21.81 21.81], Actual Age: [21. 21.]
Predicted Age: [21.83 21.81], Actual Age: [25. 23.]
Predicted Age: [21.83 21.81], Actual Age: [23. 27.]
Predicted Age: [21.83 21.81], Actual Age: [23. 21.]
Predicted Age: [21.81 21.81], Actual Age: [19. 21.]
Predicted Age: [21.81 21.81], Actual Age: [23. 23.]
Predicted Age: [21.81 21.81], Actual Age: [19. 23.]
Predicted Age: [21.83 21.83], Actual Age: [25. 23.]
Predicted Age: [21.81 21.81], Actual Age: [21. 19.]
Predicted Age: [21.81 21.83], Actual Age: [19. 35.]
Predicted Age: [21.8 21.8], Actual Age: [19. 25.]
Predicted Age: [21.83 21.81], Actual Age: [27. 21.]
Predicted Age: [21.81 21.81], Actual Age: [19. 23.]
Predicted Age: 21.8125, Actual Age: [21.]

Test Set Performance (all 33 batches):
Test Loss: 10.5750
Mean Absolute Error (MAE): 2.32 years
Mean Squared Error (MSE): 10.88 years²
Root Mean Squared Error (RMSE): 3.30 years
