CUDA available: True
PyTorch version: 2.6.0+cu126
Batch Size: 2
DCPAN Channels: 8
Attention Heads: 8
LR: 0.001
Epochs: 5
Accumulation steps: 4
CUDA is available. Using GPU.
Number of available CUDA devices: 1
Device 0: NVIDIA A40
Filtered data saved to: data/train_site_1.tsv
Filtered x_arr saved to: data/train_site_1.npy
Filtered data saved to: data/test_site_1.tsv
Filtered x_arr saved to: data/test_site_1.npy
[38;5;178m[1mActivate TRAINING mode...[0m
[38;5;178m[1mRead TRAIN...[0m
- y size [original]: (3227, 2)
- x size [original]: (3227, 3659572)
[38;5;178m[1mRead TEST...[0m
- y size [original]: (757, 2)
- x size [original]: (757, 3659572)
torch.Size([2, 121, 145, 121]) torch.Size([2])
ONE
TWO
TWO Half
THREE
Total number of parameters in the model: 56981706
FOUR
FIVE
/gpfs/accounts/eecs545w25_class_root/eecs545w25_class/caryshu/brain_age/brain_age_with_site_removal/.venv/lib/python3.11/site-packages/torch/nn/modules/loss.py:610: UserWarning: Using a target size (torch.Size([1])) that is different to the input size (torch.Size([])). This will likely lead to incorrect results due to broadcasting. Please ensure they have the same size.
  return F.mse_loss(input, target, reduction=self.reduction)
Epoch [1/5], Loss: 0.0445
Epoch [2/5], Loss: 23.0850
Epoch [3/5], Loss: 6.8497
Epoch [4/5], Loss: 2.9810
Epoch [5/5], Loss: 30.2500
Predicted Age: [21.05 30.5 ], Actual Age: [27. 37.]
Predicted Age: [25.98 34.  ], Actual Age: [21. 38.]
Predicted Age: [23.38 19.62], Actual Age: [21. 23.]
Predicted Age: [19.38 40.  ], Actual Age: [21. 21.]
Predicted Age: [18.97 31.75], Actual Age: [22.5     37.78125]
Predicted Age: [18.03 26.19], Actual Age: [23. 21.]
Predicted Age: [37.62 14.96], Actual Age: [47.34375  11.296875]
Predicted Age: [21.33 76.  ], Actual Age: [22. 69.]
Predicted Age: [25.08 22.36], Actual Age: [24.      23.59375]
Predicted Age: [35.53 22.6 ], Actual Age: [27. 25.]
Predicted Age: [27.78 23.36], Actual Age: [21. 23.]
Predicted Age: [15.57 27.3 ], Actual Age: [ 9.234375 21.      ]
Predicted Age: [21.39 16.  ], Actual Age: [19. 11.]
Predicted Age: [15.44 19.56], Actual Age: [13.  27.5]
Predicted Age: [32.97 23.8 ], Actual Age: [25.  27.5]
Predicted Age: [21.39 22.69], Actual Age: [21. 21.]
Predicted Age: [26.7   15.195], Actual Age: [27.  9.]
Predicted Age: [23.17 20.48], Actual Age: [19. 14.]
Predicted Age: [14.31 21.53], Actual Age: [12.8984375 19.       ]
Predicted Age: [21.98 76.44], Actual Age: [21.    55.125]
Predicted Age: [48.72 23.39], Actual Age: [37.5 19. ]
Predicted Age: [23.97 16.16], Actual Age: [19.  22.5]
Predicted Age: [33.03 18.8 ], Actual Age: [23. 11.]
Predicted Age: [24.75 31.31], Actual Age: [27.  27.5]
Predicted Age: [24.48 30.62], Actual Age: [21. 33.]
Predicted Age: [11.37 24.75], Actual Age: [10.3984375 24.       ]
Predicted Age: [29.31 27.53], Actual Age: [18. 23.]
Predicted Age: [43.62 21.4 ], Actual Age: [30. 19.]
Predicted Age: [24.11 33.34], Actual Age: [21.  42.5]
Predicted Age: [23.72 30.77], Actual Age: [25. 29.]
Predicted Age: [30.61 22.27], Actual Age: [21. 21.]
Predicted Age: [26.94 20.9 ], Actual Age: [25. 21.]
Predicted Age: [29.38 25.44], Actual Age: [25. 22.]
Predicted Age: [18.11 21.81], Actual Age: [11.953125 21.      ]
Predicted Age: [40.84 24.6 ], Actual Age: [59.90625 23.     ]
Predicted Age: [28.47 25.42], Actual Age: [22.4375 21.    ]
Predicted Age: [13.88 31.55], Actual Age: [10.78125 22.5    ]
Predicted Age: [23.97 24.27], Actual Age: [21. 23.]
Predicted Age: [21.95 13.32], Actual Age: [23.      9.9375]
Predicted Age: [26.48 48.38], Actual Age: [21.      60.03125]
Predicted Age: [29.97 21.14], Actual Age: [25. 19.]
Predicted Age: [27.42 13.99], Actual Age: [21. 19.]
Predicted Age: [46.38 12.86], Actual Age: [41.21875    8.7265625]
Predicted Age: [22.16 27.88], Actual Age: [34. 21.]
Predicted Age: [22.2  19.66], Actual Age: [19.        12.8984375]
Predicted Age: [17.84 24.4 ], Actual Age: [19. 22.]
Predicted Age: [21.3  14.46], Actual Age: [21. 11.]
Predicted Age: [27.81 16.69], Actual Age: [23.       20.078125]
Predicted Age: [21.52 26.05], Actual Age: [ 9.4296875 19.       ]
Predicted Age: [23.86 37.34], Actual Age: [19. 16.]
Predicted Age: [21.05 51.25], Actual Age: [21.  57.5]
Predicted Age: [23.9  25.52], Actual Age: [23. 21.]
Predicted Age: [28.64 24.16], Actual Age: [33. 23.]
Predicted Age: [22.2 36. ], Actual Age: [24. 53.]
Predicted Age: [28.31 19.33], Actual Age: [27.        10.3984375]
Predicted Age: [23.17 36.78], Actual Age: [23. 24.]
Predicted Age: [24.47 20.31], Actual Age: [23. 11.]
Predicted Age: [35.3 31.5], Actual Age: [21.  42.5]
Predicted Age: [24.9  18.22], Actual Age: [21. 24.]
Predicted Age: [10.4  28.53], Actual Age: [15. 23.]
Predicted Age: [35.44 18.27], Actual Age: [25.       14.296875]
Predicted Age: [27.14 16.11], Actual Age: [21.        11.7578125]
Predicted Age: [31.12 50.6 ], Actual Age: [21.      39.03125]
Predicted Age: [24.72 81.75], Actual Age: [23. 73.]
Predicted Age: [28.95 14.17], Actual Age: [21. 12.]
Predicted Age: [73.2  17.66], Actual Age: [88. 19.]
Predicted Age: [22.33 13.13], Actual Age: [19.       13.546875]
Predicted Age: [17.39 20.11], Actual Age: [19. 21.]
Predicted Age: [20.2  43.53], Actual Age: [23. 40.]
Predicted Age: [18.83 22.06], Actual Age: [21. 12.]
Predicted Age: [18.12 25.83], Actual Age: [14. 19.]
Predicted Age: [63.06 14.62], Actual Age: [62.0625    8.859375]
Predicted Age: [20.89  15.586], Actual Age: [21.       14.703125]
Predicted Age: [12.85 23.73], Actual Age: [12.203125 19.      ]
Predicted Age: [20.67 41.47], Actual Age: [19. 62.]
Predicted Age: [13.35 23.39], Actual Age: [19.25 23.  ]
Predicted Age: [14.68 17.36], Actual Age: [15.5      14.171875]
Predicted Age: [18.75 21.48], Actual Age: [10. 21.]
Predicted Age: [24.34 85.4 ], Actual Age: [23.   59.25]
Predicted Age: [20.94 24.72], Actual Age: [19.15625 21.     ]
Predicted Age: [22.3 19.4], Actual Age: [21.       10.015625]
Predicted Age: [24.45 16.83], Actual Age: [28.828125 19.      ]
Predicted Age: [14.984 22.75 ], Actual Age: [12.4296875 23.       ]
Predicted Age: [20.69 24.48], Actual Age: [19. 19.]
Predicted Age: [19.06 23.69], Actual Age: [16.59375 23.     ]
Predicted Age: [19.17 35.4 ], Actual Age: [13. 26.]
Predicted Age: [12.766 10.734], Actual Age: [23.  11.5]
Predicted Age: [11.01 25.55], Actual Age: [12.828125 24.      ]
Predicted Age: [76.44 20.27], Actual Age: [72. 21.]
Predicted Age: [25.97 22.36], Actual Age: [19.5 19. ]
Predicted Age: [15.11 60.9 ], Actual Age: [10.  67.5]
Predicted Age: [21.94 34.03], Actual Age: [18. 24.]
Predicted Age: [36.     9.875], Actual Age: [27.5   8.25]
Predicted Age: [26.3  16.17], Actual Age: [25.     14.4375]
Predicted Age: [17.6  31.06], Actual Age: [10.3984375 23.       ]
Predicted Age: [10.78 32.88], Actual Age: [13.1953125 18.       ]
Predicted Age: [49.16 13.36], Actual Age: [44.875     10.2890625]
Predicted Age: [29.31 25.38], Actual Age: [19. 22.]
Predicted Age: [13.625 23.9  ], Actual Age: [14. 21.]
Predicted Age: [25.08 40.3 ], Actual Age: [27.      38.28125]
Predicted Age: [32.72 23.47], Actual Age: [19. 20.]
Predicted Age: [15.05 21.86], Actual Age: [10.1796875 22.5      ]
Predicted Age: [47.03 65.5 ], Actual Age: [38.59375 69.0625 ]
Predicted Age: [16.5  23.52], Actual Age: [10.15625 24.     ]
Predicted Age: [22.14 18.34], Actual Age: [21.        15.0390625]
Predicted Age: [26.17 30.1 ], Actual Age: [22.5 21. ]
Predicted Age: [13.61  15.016], Actual Age: [ 9.015625 13.      ]
Predicted Age: [22.11 40.44], Actual Age: [19. 63.]
Predicted Age: [26.47 52.56], Actual Age: [23.  54.5]
Predicted Age: [22.67 20.03], Actual Age: [19. 22.]
Predicted Age: [18.44 67.2 ], Actual Age: [19.     55.8125]
Predicted Age: [14.65 28.2 ], Actual Age: [ 8.8203125 46.4375   ]
Predicted Age: [25.    14.625], Actual Age: [22. 19.]
Predicted Age: [24.55 40.6 ], Actual Age: [25. 35.]
Predicted Age: [52.4   11.484], Actual Age: [55.53125  9.     ]
Predicted Age: [47.56 13.72], Actual Age: [57.5 14. ]
Predicted Age: [48.03 17.55], Actual Age: [26.265625 23.      ]
Predicted Age: [20.36 27.88], Actual Age: [21. 23.]
Predicted Age: [20.14 57.5 ], Actual Age: [19.      46.15625]
Predicted Age: [73.44 27.36], Actual Age: [64.1875 20.    ]
Predicted Age: [51.28 25.31], Actual Age: [39.1875 25.    ]
Predicted Age: [26.97 30.27], Actual Age: [18.      18.15625]
Predicted Age: [17.39 36.84], Actual Age: [11.      31.59375]
Predicted Age: [13.086 23.86 ], Actual Age: [16.  27.5]
Predicted Age: [50.2  26.98], Actual Age: [60. 23.]
Predicted Age: [18.55 14.84], Actual Age: [14.8828125 17.5      ]
Predicted Age: [13.71 33.38], Actual Age: [11. 21.]
Predicted Age: [24.08 17.95], Actual Age: [23.         8.7421875]
Predicted Age: [28.23 78.75], Actual Age: [31.     69.3125]
Predicted Age: [25.5  21.81], Actual Age: [21. 19.]
Predicted Age: [19.31 24.48], Actual Age: [19. 25.]
Predicted Age: [72.75 22.48], Actual Age: [55.21875 19.     ]
Predicted Age: [29.11 18.8 ], Actual Age: [27.  6.]
Predicted Age: [22.4  16.23], Actual Age: [23. 10.]
Predicted Age: [34.78 64.56], Actual Age: [42.75 59.75]
Predicted Age: [19.67 24.14], Actual Age: [22. 19.]
Predicted Age: [21.75 13.74], Actual Age: [21.  9.]
Predicted Age: [26.58 24.9 ], Actual Age: [19. 29.]
Predicted Age: [22.81 23.75], Actual Age: [13.921875 19.      ]
Predicted Age: [84.5  34.44], Actual Age: [68. 30.]
Predicted Age: [23.95 14.58], Actual Age: [16. 10.]
Predicted Age: [17.55 26.61], Actual Age: [10.7265625 19.       ]
Predicted Age: [17.73 20.22], Actual Age: [15.6015625 25.       ]
Predicted Age: [14.67 20.97], Actual Age: [ 9.65625 21.     ]
Predicted Age: [26.98 18.67], Actual Age: [19. 19.]
Predicted Age: [24.17 69.3 ], Actual Age: [22. 72.]
Predicted Age: [22.14 32.97], Actual Age: [21. 35.]
Predicted Age: [40.53 72.  ], Actual Age: [24. 65.]
Predicted Age: [28.72 20.06], Actual Age: [23. 21.]
Predicted Age: [24.42 13.3 ], Actual Age: [23. 19.]
Predicted Age: [18.61 11.41], Actual Age: [31.        13.8828125]
Predicted Age: [30.56 45.53], Actual Age: [35. 19.]
Predicted Age: [21.33 13.22], Actual Age: [19.       10.546875]
Predicted Age: [17.52 21.92], Actual Age: [27.5 19. ]
Predicted Age: [29.75 17.28], Actual Age: [32.      17.40625]
Predicted Age: [15.29 25.3 ], Actual Age: [ 7.046875 19.      ]
Predicted Age: [35.2  27.16], Actual Age: [27.375 19.   ]
Predicted Age: [31.55 20.72], Actual Age: [27.5 27. ]
Predicted Age: [18.38 22.86], Actual Age: [25. 25.]
Predicted Age: [32.22 21.05], Actual Age: [27.5 25. ]
Predicted Age: [27.22 24.34], Actual Age: [25. 19.]
Predicted Age: [27.06 34.28], Actual Age: [27. 24.]
Predicted Age: [31.61 21.61], Actual Age: [28.  22.5]
Predicted Age: [14.836 44.1  ], Actual Age: [12.765625 42.96875 ]
Predicted Age: [24.08 21.75], Actual Age: [21. 21.]
Predicted Age: [34.97 22.52], Actual Age: [30.125 19.   ]
Predicted Age: [37.1  15.97], Actual Age: [36.90625  10.203125]
Predicted Age: [72.94 76.75], Actual Age: [58.78125 49.40625]
Predicted Age: [19.23 20.72], Actual Age: [19. 20.]
Predicted Age: [34.7  21.08], Actual Age: [32. 19.]
Predicted Age: [22.73 22.9 ], Actual Age: [21. 19.]
Predicted Age: [22.03 21.83], Actual Age: [21.  22.5]
Predicted Age: [28.92 20.36], Actual Age: [19. 19.]
Predicted Age: [18.16 21.2 ], Actual Age: [12. 21.]
Predicted Age: [25.89 16.62], Actual Age: [19. 12.]
Predicted Age: [33.6  25.39], Actual Age: [21. 19.]
Predicted Age: [37.78 31.34], Actual Age: [26.921875 28.      ]
Predicted Age: [57.47 26.52], Actual Age: [41.75 23.  ]
Predicted Age: [23.88 21.97], Actual Age: [24.6875 22.5   ]
Predicted Age: [33.12 75.4 ], Actual Age: [21.      34.21875]
Predicted Age: [28.89 18.9 ], Actual Age: [21. 12.]

Test Set Performance (all 362 batches):
Test Loss: 54.9076
Mean Absolute Error (MAE): 5.36 years
Mean Squared Error (MSE): 54.91 years²
Root Mean Squared Error (RMSE): 7.41 years
